I'm sorry, but errors were detected in your script. Please correct the
errors listed below, and try again.


File "game/script.rpy", line 2: expected statement.
    ﻿define c = Character("Concordia")
              ^

Ren'Py Version: Ren'Py 6.99.13.2919
